foglamp removed :0
foglamp installed :1
FogLAMP started.
FogLAMP started.
{
  "uptime": "xxx"
}
