# Updated by the test script itself based on the suite.cfg information.